// Jest Snapshot v1, https://goo.gl/fbAQLP

exports[`<Button /> Render avatarButton 1`] = `
<View>
  <View
    accessible={true}
    focusable={false}
    onClick={[Function]}
    onResponderGrant={[Function]}
    onResponderMove={[Function]}
    onResponderRelease={[Function]}
    onResponderTerminate={[Function]}
    onResponderTerminationRequest={[Function]}
    onStartShouldSetResponder={[Function]}
    style={
      Object {
        "alignContent": "center",
        "alignSelf": "center",
        "opacity": 1,
      }
    }
  >
    <Image
      source={
        Object {
          "uri": undefined,
        }
      }
      style={
        Object {
          "borderRadius": 50,
          "height": undefined,
          "width": undefined,
        }
      }
      testID="AvatarImage"
    />
  </View>
</View>
`;

exports[`<Login /> Render avatarButton 1`] = `
<View>
  <View
    accessible={true}
    focusable={false}
    onClick={[Function]}
    onResponderGrant={[Function]}
    onResponderMove={[Function]}
    onResponderRelease={[Function]}
    onResponderTerminate={[Function]}
    onResponderTerminationRequest={[Function]}
    onStartShouldSetResponder={[Function]}
    style={
      Object {
        "alignContent": "center",
        "alignSelf": "center",
        "opacity": 1,
      }
    }
  >
    <Image
      source={
        Object {
          "uri": undefined,
        }
      }
      style={
        Object {
          "borderRadius": 50,
          "height": undefined,
          "width": undefined,
        }
      }
      testID="AvatarImage"
    />
  </View>
</View>
`;
