// Jest Snapshot v1, https://goo.gl/fbAQLP

exports[`<CircleButton /> Render CircleButton 1`] = `
<View>
  <View
    accessible={true}
    focusable={false}
    onClick={[Function]}
    onResponderGrant={[Function]}
    onResponderMove={[Function]}
    onResponderRelease={[Function]}
    onResponderTerminate={[Function]}
    onResponderTerminationRequest={[Function]}
    onStartShouldSetResponder={[Function]}
    style={
      Object {
        "alignItems": "center",
        "backgroundColor": "#1da1f2",
        "borderRadius": 50,
        "height": 60,
        "justifyContent": "center",
        "opacity": 1,
        "width": 60,
      }
    }
  >
    <View
      style={
        Object {
          "overflow": "hidden",
        }
      }
    >
      <View>
        <View
          style={
            Object {
              "alignItems": "center",
              "backgroundColor": "transparent",
              "justifyContent": "center",
            }
          }
        >
          <Text />
        </View>
      </View>
    </View>
  </View>
</View>
`;
