// Jest Snapshot v1, https://goo.gl/fbAQLP

exports[`<PrimaryButton /> Render Primary Button 1`] = `
<View>
  <View
    accessible={true}
    focusable={false}
    onClick={[Function]}
    onResponderGrant={[Function]}
    onResponderMove={[Function]}
    onResponderRelease={[Function]}
    onResponderTerminate={[Function]}
    onResponderTerminationRequest={[Function]}
    onStartShouldSetResponder={[Function]}
    style={
      Object {
        "alignSelf": "center",
        "backgroundColor": "#1da1f2",
        "borderRadius": 100,
        "fontWeight": "500",
        "opacity": 1,
      }
    }
  >
    <Text
      style={
        Object {
          "color": "white",
          "fontWeight": "bold",
          "paddingBottom": 8,
          "paddingLeft": 15,
          "paddingRight": 15,
          "paddingTop": 6,
        }
      }
    />
  </View>
</View>
`;
