// Jest Snapshot v1, https://goo.gl/fbAQLP

exports[`<TextButton /> Render TextButton 1`] = `
<View>
  <View
    accessible={true}
    focusable={false}
    onClick={[Function]}
    onResponderGrant={[Function]}
    onResponderMove={[Function]}
    onResponderRelease={[Function]}
    onResponderTerminate={[Function]}
    onResponderTerminationRequest={[Function]}
    onStartShouldSetResponder={[Function]}
    style={
      Object {
        "alignContent": "center",
        "alignSelf": "center",
        "borderRadius": 50,
        "opacity": 1,
      }
    }
  >
    <Text
      style={
        Array [
          Object {
            "fontWeight": "500",
            "padding": 0,
          },
          Object {
            "color": undefined,
          },
        ]
      }
    />
  </View>
</View>
`;
