// Jest Snapshot v1, https://goo.gl/fbAQLP

exports[`<ToggleButton /> Render ToggleButton 1`] = `
<View>
  <View
    accessible={true}
    focusable={false}
    onClick={[Function]}
    onResponderGrant={[Function]}
    onResponderMove={[Function]}
    onResponderRelease={[Function]}
    onResponderTerminate={[Function]}
    onResponderTerminationRequest={[Function]}
    onStartShouldSetResponder={[Function]}
    style={
      Object {
        "alignSelf": "center",
        "backgroundColor": "#0F1419",
        "borderColor": "#0F1419",
        "borderRadius": 100,
        "borderWidth": 1,
        "opacity": 1,
      }
    }
  >
    <Text
      style={
        Array [
          Object {
            "fontWeight": "bold",
            "paddingBottom": 8,
            "paddingLeft": 15,
            "paddingRight": 15,
            "paddingTop": 6,
          },
          Object {
            "color": "white",
          },
        ]
      }
    />
  </View>
</View>
`;
